C:\Users\kesav.prasathm\Downloads\travel-assist\travel-assist\travel-assistant\backend\src\main\java\com\travel\service\AuthService.java
C:\Users\kesav.prasathm\Downloads\travel-assist\travel-assist\travel-assistant\backend\src\main\java\com\travel\dto\ApiResponse.java
C:\Users\kesav.prasathm\Downloads\travel-assist\travel-assist\travel-assistant\backend\src\main\java\com\travel\controller\AuthController.java
C:\Users\kesav.prasathm\Downloads\travel-assist\travel-assist\travel-assistant\backend\src\main\java\com\travel\service\AdminService.java
C:\Users\kesav.prasathm\Downloads\travel-assist\travel-assist\travel-assistant\backend\src\main\java\com\travel\model\User.java
C:\Users\kesav.prasathm\Downloads\travel-assist\travel-assist\travel-assistant\backend\src\main\java\com\travel\model\TripPlan.java
C:\Users\kesav.prasathm\Downloads\travel-assist\travel-assist\travel-assistant\backend\src\main\java\com\travel\service\DisasterAlertService.java
C:\Users\kesav.prasathm\Downloads\travel-assist\travel-assist\travel-assistant\backend\src\main\java\com\travel\service\WeatherService.java
C:\Users\kesav.prasathm\Downloads\travel-assist\travel-assist\travel-assistant\backend\src\main\java\com\travel\model\Destination.java
C:\Users\kesav.prasathm\Downloads\travel-assist\travel-assist\travel-assistant\backend\src\main\java\com\travel\service\BookingService.java
C:\Users\kesav.prasathm\Downloads\travel-assist\travel-assist\travel-assistant\backend\src\main\java\com\travel\service\ReviewService.java
C:\Users\kesav.prasathm\Downloads\travel-assist\travel-assist\travel-assistant\backend\src\main\java\com\travel\security\OAuth2LoginSuccessHandler.java
C:\Users\kesav.prasathm\Downloads\travel-assist\travel-assist\travel-assistant\backend\src\main\java\com\travel\controller\RecommendationController.java
C:\Users\kesav.prasathm\Downloads\travel-assist\travel-assist\travel-assistant\backend\src\main\java\com\travel\repository\BookingRepository.java
C:\Users\kesav.prasathm\Downloads\travel-assist\travel-assist\travel-assistant\backend\src\main\java\com\travel\repository\UserRepository.java
C:\Users\kesav.prasathm\Downloads\travel-assist\travel-assist\travel-assistant\backend\src\main\java\com\travel\service\RecommendationService.java
C:\Users\kesav.prasathm\Downloads\travel-assist\travel-assist\travel-assistant\backend\src\main\java\com\travel\controller\DestinationController.java
C:\Users\kesav.prasathm\Downloads\travel-assist\travel-assist\travel-assistant\backend\src\main\java\com\travel\model\Payment.java
C:\Users\kesav.prasathm\Downloads\travel-assist\travel-assist\travel-assistant\backend\src\main\java\com\travel\dto\AdminStatsDto.java
C:\Users\kesav.prasathm\Downloads\travel-assist\travel-assist\travel-assistant\backend\src\main\java\com\travel\controller\PoiController.java
C:\Users\kesav.prasathm\Downloads\travel-assist\travel-assist\travel-assistant\backend\src\main\java\com\travel\dto\ChatRequest.java
C:\Users\kesav.prasathm\Downloads\travel-assist\travel-assist\travel-assistant\backend\src\main\java\com\travel\repository\TripPlanRepository.java
C:\Users\kesav.prasathm\Downloads\travel-assist\travel-assist\travel-assistant\backend\src\main\java\com\travel\dto\ChatResponse.java
C:\Users\kesav.prasathm\Downloads\travel-assist\travel-assist\travel-assistant\backend\src\main\java\com\travel\repository\PaymentRepository.java
C:\Users\kesav.prasathm\Downloads\travel-assist\travel-assist\travel-assistant\backend\src\main\java\com\travel\service\DestinationService.java
C:\Users\kesav.prasathm\Downloads\travel-assist\travel-assist\travel-assistant\backend\src\main\java\com\travel\controller\BookingController.java
C:\Users\kesav.prasathm\Downloads\travel-assist\travel-assist\travel-assistant\backend\src\main\java\com\travel\repository\ReviewRepository.java
C:\Users\kesav.prasathm\Downloads\travel-assist\travel-assist\travel-assistant\backend\src\main\java\com\travel\config\DataInitializer.java
C:\Users\kesav.prasathm\Downloads\travel-assist\travel-assist\travel-assistant\backend\src\main\java\com\travel\dto\RegisterRequest.java
C:\Users\kesav.prasathm\Downloads\travel-assist\travel-assist\travel-assistant\backend\src\main\java\com\travel\service\PaymentService.java
C:\Users\kesav.prasathm\Downloads\travel-assist\travel-assist\travel-assistant\backend\src\main\java\com\travel\controller\TripPlanController.java
C:\Users\kesav.prasathm\Downloads\travel-assist\travel-assist\travel-assistant\backend\src\main\java\com\travel\service\TripPlanService.java
C:\Users\kesav.prasathm\Downloads\travel-assist\travel-assist\travel-assistant\backend\src\main\java\com\travel\controller\PaymentController.java
C:\Users\kesav.prasathm\Downloads\travel-assist\travel-assist\travel-assistant\backend\src\main\java\com\travel\config\AppConfig.java
C:\Users\kesav.prasathm\Downloads\travel-assist\travel-assist\travel-assistant\backend\src\main\java\com\travel\controller\AdminController.java
C:\Users\kesav.prasathm\Downloads\travel-assist\travel-assist\travel-assistant\backend\src\main\java\com\travel\security\JwtFilter.java
C:\Users\kesav.prasathm\Downloads\travel-assist\travel-assist\travel-assistant\backend\src\main\java\com\travel\dto\AuthResponse.java
C:\Users\kesav.prasathm\Downloads\travel-assist\travel-assist\travel-assistant\backend\src\main\java\com\travel\dto\TripPlanRequest.java
C:\Users\kesav.prasathm\Downloads\travel-assist\travel-assist\travel-assistant\backend\src\main\java\com\travel\model\Review.java
C:\Users\kesav.prasathm\Downloads\travel-assist\travel-assist\travel-assistant\backend\src\main\java\com\travel\controller\ChatController.java
C:\Users\kesav.prasathm\Downloads\travel-assist\travel-assist\travel-assistant\backend\src\main\java\com\travel\security\CustomOAuth2UserService.java
C:\Users\kesav.prasathm\Downloads\travel-assist\travel-assist\travel-assistant\backend\src\main\java\com\travel\controller\DisasterController.java
C:\Users\kesav.prasathm\Downloads\travel-assist\travel-assist\travel-assistant\backend\src\main\java\com\travel\controller\WeatherController.java
C:\Users\kesav.prasathm\Downloads\travel-assist\travel-assist\travel-assistant\backend\src\main\java\com\travel\TravelAssistantApplication.java
C:\Users\kesav.prasathm\Downloads\travel-assist\travel-assist\travel-assistant\backend\src\main\java\com\travel\config\PasswordEncoderConfig.java
C:\Users\kesav.prasathm\Downloads\travel-assist\travel-assist\travel-assistant\backend\src\main\java\com\travel\dto\AuthRequest.java
C:\Users\kesav.prasathm\Downloads\travel-assist\travel-assist\travel-assistant\backend\src\main\java\com\travel\model\DestinationData.java
C:\Users\kesav.prasathm\Downloads\travel-assist\travel-assist\travel-assistant\backend\src\main\java\com\travel\model\Booking.java
C:\Users\kesav.prasathm\Downloads\travel-assist\travel-assist\travel-assistant\backend\src\main\java\com\travel\controller\ReviewController.java
C:\Users\kesav.prasathm\Downloads\travel-assist\travel-assist\travel-assistant\backend\src\main\java\com\travel\security\JwtUtil.java
C:\Users\kesav.prasathm\Downloads\travel-assist\travel-assist\travel-assistant\backend\src\main\java\com\travel\config\SecurityConfig.java
C:\Users\kesav.prasathm\Downloads\travel-assist\travel-assist\travel-assistant\backend\src\main\java\com\travel\service\PoiService.java
C:\Users\kesav.prasathm\Downloads\travel-assist\travel-assist\travel-assistant\backend\src\main\java\com\travel\service\ChatService.java
C:\Users\kesav.prasathm\Downloads\travel-assist\travel-assist\travel-assistant\backend\src\main\java\com\travel\dto\BookingRequest.java
C:\Users\kesav.prasathm\Downloads\travel-assist\travel-assist\travel-assistant\backend\src\main\java\com\travel\repository\DestinationRepository.java
C:\Users\kesav.prasathm\Downloads\travel-assist\travel-assist\travel-assistant\backend\src\main\java\com\travel\dto\PaymentRequest.java
